Component: Arm Compiler for Embedded 6.23 Tool: armlink [5f102400]

==============================================================================

Section Cross References

    buttons.o(.text.ButtonsPoll) refers to buttons.o(.data.g_ui8ButtonStates) for g_ui8ButtonStates
    buttons.o(.text.ButtonsPoll) refers to buttons.o(.bss.ButtonsPoll.ui8SwitchClockB) for ButtonsPoll.ui8SwitchClockB
    buttons.o(.text.ButtonsPoll) refers to buttons.o(.bss.ButtonsPoll.ui8SwitchClockA) for ButtonsPoll.ui8SwitchClockA
    buttons.o(.ARM.exidx.text.ButtonsPoll) refers to buttons.o(.text.ButtonsPoll) for [Anonymous Symbol]
    buttons.o(.text.ButtonsInit) refers to gpio.o(i.GPIOPadConfigSet) for GPIOPadConfigSet
    buttons.o(.text.ButtonsInit) refers to buttons.o(.data.g_ui8ButtonStates) for g_ui8ButtonStates
    buttons.o(.ARM.exidx.text.ButtonsInit) refers to buttons.o(.text.ButtonsInit) for [Anonymous Symbol]
    startup_rvmdk.o(RESET) refers to startup_rvmdk.o(STACK) for StackMem
    startup_rvmdk.o(RESET) refers to watchdog.o(.text.WatchdogIntHandler) for WatchdogIntHandler
    startup_rvmdk.o(RESET) refers to entry.o(.ARM.Collect$$$$00000000) for __main
    uartstdio.o(.text.UARTStdioConfig) refers to uartstdio.o(.bss.g_ui32Base) for g_ui32Base
    uartstdio.o(.ARM.exidx.text.UARTStdioConfig) refers to uartstdio.o(.text.UARTStdioConfig) for [Anonymous Symbol]
    uartstdio.o(.text.UARTwrite) refers to uartstdio.o(.bss.g_ui32Base) for g_ui32Base
    uartstdio.o(.ARM.exidx.text.UARTwrite) refers to uartstdio.o(.text.UARTwrite) for [Anonymous Symbol]
    uartstdio.o(.text.UARTgets) refers to uartstdio.o(.bss.g_ui32Base) for g_ui32Base
    uartstdio.o(.text.UARTgets) refers to uartstdio.o(.bss.UARTgets.bLastWasCR) for UARTgets.bLastWasCR
    uartstdio.o(.ARM.exidx.text.UARTgets) refers to uartstdio.o(.text.UARTgets) for [Anonymous Symbol]
    uartstdio.o(.text.UARTgetc) refers to uartstdio.o(.bss.g_ui32Base) for g_ui32Base
    uartstdio.o(.ARM.exidx.text.UARTgetc) refers to uartstdio.o(.text.UARTgetc) for [Anonymous Symbol]
    uartstdio.o(.text.UARTvprintf) refers to uartstdio.o(.bss.g_ui32Base) for g_ui32Base
    uartstdio.o(.text.UARTvprintf) refers to memseta.o(.text) for __aeabi_memset
    uartstdio.o(.text.UARTvprintf) refers to uartstdio.o(.rodata.str1.1) for .L.str.3
    uartstdio.o(.ARM.exidx.text.UARTvprintf) refers to uartstdio.o(.text.UARTvprintf) for [Anonymous Symbol]
    uartstdio.o(.text.UARTprintf) refers to uartstdio.o(.text.UARTvprintf) for UARTvprintf
    uartstdio.o(.ARM.exidx.text.UARTprintf) refers to uartstdio.o(.text.UARTprintf) for [Anonymous Symbol]
    watchdog.o(.text.WatchdogIntHandler) refers to watchdog.o(.data.g_bFeedWatchdog) for g_bFeedWatchdog
    watchdog.o(.ARM.exidx.text.WatchdogIntHandler) refers to watchdog.o(.text.WatchdogIntHandler) for [Anonymous Symbol]
    watchdog.o(.text.ConfigureUART) refers to watchdog.o(.bss.g_ui32SysClock) for g_ui32SysClock
    watchdog.o(.text.ConfigureUART) refers to uartstdio.o(.text.UARTStdioConfig) for UARTStdioConfig
    watchdog.o(.ARM.exidx.text.ConfigureUART) refers to watchdog.o(.text.ConfigureUART) for [Anonymous Symbol]
    watchdog.o(.text.main) refers to sysctl.o(i.SysCtlClockFreqSet) for SysCtlClockFreqSet
    watchdog.o(.text.main) refers to watchdog.o(.bss.g_ui32SysClock) for g_ui32SysClock
    watchdog.o(.text.main) refers to buttons.o(.text.ButtonsInit) for ButtonsInit
    watchdog.o(.text.main) refers to uartstdio.o(.text.UARTStdioConfig) for UARTStdioConfig
    watchdog.o(.text.main) refers to uartstdio.o(.text.UARTprintf) for UARTprintf
    watchdog.o(.text.main) refers to buttons.o(.text.ButtonsPoll) for ButtonsPoll
    watchdog.o(.text.main) refers to watchdog.o(.data.g_bFeedWatchdog) for g_bFeedWatchdog
    watchdog.o(.ARM.exidx.text.main) refers to watchdog.o(.text.main) for [Anonymous Symbol]
    gpio.o(i.GPIOIntRegister) refers to gpio.o(i._GPIOIntNumberGet) for _GPIOIntNumberGet
    gpio.o(i.GPIOIntRegister) refers to interrupt.o(i.IntRegister) for IntRegister
    gpio.o(i.GPIOIntRegister) refers to interrupt.o(i.IntEnable) for IntEnable
    gpio.o(i.GPIOIntRegisterPin) refers to gpio.o(i._GPIOIntNumberGet) for _GPIOIntNumberGet
    gpio.o(i.GPIOIntRegisterPin) refers to interrupt.o(i.IntRegister) for IntRegister
    gpio.o(i.GPIOIntRegisterPin) refers to interrupt.o(i.IntEnable) for IntEnable
    gpio.o(i.GPIOIntUnregister) refers to gpio.o(i._GPIOIntNumberGet) for _GPIOIntNumberGet
    gpio.o(i.GPIOIntUnregister) refers to interrupt.o(i.IntDisable) for IntDisable
    gpio.o(i.GPIOIntUnregister) refers to interrupt.o(i.IntUnregister) for IntUnregister
    gpio.o(i.GPIOIntUnregisterPin) refers to gpio.o(i._GPIOIntNumberGet) for _GPIOIntNumberGet
    gpio.o(i.GPIOIntUnregisterPin) refers to interrupt.o(i.IntDisable) for IntDisable
    gpio.o(i.GPIOIntUnregisterPin) refers to interrupt.o(i.IntUnregister) for IntUnregister
    gpio.o(i.GPIOPinConfigure) refers to gpio.o(.constdata) for .constdata
    gpio.o(i.GPIOPinTypeADC) refers to gpio.o(i.GPIODirModeSet) for GPIODirModeSet
    gpio.o(i.GPIOPinTypeADC) refers to gpio.o(i.GPIOPadConfigSet) for GPIOPadConfigSet
    gpio.o(i.GPIOPinTypeCAN) refers to gpio.o(i.GPIODirModeSet) for GPIODirModeSet
    gpio.o(i.GPIOPinTypeCAN) refers to gpio.o(i.GPIOPadConfigSet) for GPIOPadConfigSet
    gpio.o(i.GPIOPinTypeComparator) refers to gpio.o(i.GPIODirModeSet) for GPIODirModeSet
    gpio.o(i.GPIOPinTypeComparator) refers to gpio.o(i.GPIOPadConfigSet) for GPIOPadConfigSet
    gpio.o(i.GPIOPinTypeComparatorOutput) refers to gpio.o(i.GPIODirModeSet) for GPIODirModeSet
    gpio.o(i.GPIOPinTypeComparatorOutput) refers to gpio.o(i.GPIOPadConfigSet) for GPIOPadConfigSet
    gpio.o(i.GPIOPinTypeDIVSCLK) refers to gpio.o(i.GPIODirModeSet) for GPIODirModeSet
    gpio.o(i.GPIOPinTypeDIVSCLK) refers to gpio.o(i.GPIOPadConfigSet) for GPIOPadConfigSet
    gpio.o(i.GPIOPinTypeEPI) refers to gpio.o(i.GPIODirModeSet) for GPIODirModeSet
    gpio.o(i.GPIOPinTypeEPI) refers to gpio.o(i.GPIOPadConfigSet) for GPIOPadConfigSet
    gpio.o(i.GPIOPinTypeEthernetLED) refers to gpio.o(i.GPIODirModeSet) for GPIODirModeSet
    gpio.o(i.GPIOPinTypeEthernetLED) refers to gpio.o(i.GPIOPadConfigSet) for GPIOPadConfigSet
    gpio.o(i.GPIOPinTypeEthernetMII) refers to gpio.o(i.GPIODirModeSet) for GPIODirModeSet
    gpio.o(i.GPIOPinTypeEthernetMII) refers to gpio.o(i.GPIOPadConfigSet) for GPIOPadConfigSet
    gpio.o(i.GPIOPinTypeGPIOInput) refers to gpio.o(i.GPIODirModeSet) for GPIODirModeSet
    gpio.o(i.GPIOPinTypeGPIOInput) refers to gpio.o(i.GPIOPadConfigSet) for GPIOPadConfigSet
    gpio.o(i.GPIOPinTypeGPIOOutput) refers to gpio.o(i.GPIOPadConfigSet) for GPIOPadConfigSet
    gpio.o(i.GPIOPinTypeGPIOOutput) refers to gpio.o(i.GPIODirModeSet) for GPIODirModeSet
    gpio.o(i.GPIOPinTypeGPIOOutputOD) refers to gpio.o(i.GPIOPadConfigSet) for GPIOPadConfigSet
    gpio.o(i.GPIOPinTypeGPIOOutputOD) refers to gpio.o(i.GPIODirModeSet) for GPIODirModeSet
    gpio.o(i.GPIOPinTypeHibernateRTCCLK) refers to gpio.o(i.GPIODirModeSet) for GPIODirModeSet
    gpio.o(i.GPIOPinTypeHibernateRTCCLK) refers to gpio.o(i.GPIOPadConfigSet) for GPIOPadConfigSet
    gpio.o(i.GPIOPinTypeI2C) refers to gpio.o(i.GPIODirModeSet) for GPIODirModeSet
    gpio.o(i.GPIOPinTypeI2C) refers to gpio.o(i.GPIOPadConfigSet) for GPIOPadConfigSet
    gpio.o(i.GPIOPinTypeI2CSCL) refers to gpio.o(i.GPIODirModeSet) for GPIODirModeSet
    gpio.o(i.GPIOPinTypeI2CSCL) refers to gpio.o(i.GPIOPadConfigSet) for GPIOPadConfigSet
    gpio.o(i.GPIOPinTypeLCD) refers to gpio.o(i.GPIODirModeSet) for GPIODirModeSet
    gpio.o(i.GPIOPinTypeLCD) refers to gpio.o(i.GPIOPadConfigSet) for GPIOPadConfigSet
    gpio.o(i.GPIOPinTypeOneWire) refers to gpio.o(i.GPIODirModeSet) for GPIODirModeSet
    gpio.o(i.GPIOPinTypeOneWire) refers to gpio.o(i.GPIOPadConfigSet) for GPIOPadConfigSet
    gpio.o(i.GPIOPinTypePWM) refers to gpio.o(i.GPIODirModeSet) for GPIODirModeSet
    gpio.o(i.GPIOPinTypePWM) refers to gpio.o(i.GPIOPadConfigSet) for GPIOPadConfigSet
    gpio.o(i.GPIOPinTypeQEI) refers to gpio.o(i.GPIODirModeSet) for GPIODirModeSet
    gpio.o(i.GPIOPinTypeQEI) refers to gpio.o(i.GPIOPadConfigSet) for GPIOPadConfigSet
    gpio.o(i.GPIOPinTypeSSI) refers to gpio.o(i.GPIODirModeSet) for GPIODirModeSet
    gpio.o(i.GPIOPinTypeSSI) refers to gpio.o(i.GPIOPadConfigSet) for GPIOPadConfigSet
    gpio.o(i.GPIOPinTypeTimer) refers to gpio.o(i.GPIODirModeSet) for GPIODirModeSet
    gpio.o(i.GPIOPinTypeTimer) refers to gpio.o(i.GPIOPadConfigSet) for GPIOPadConfigSet
    gpio.o(i.GPIOPinTypeTrace) refers to gpio.o(i.GPIODirModeSet) for GPIODirModeSet
    gpio.o(i.GPIOPinTypeTrace) refers to gpio.o(i.GPIOPadConfigSet) for GPIOPadConfigSet
    gpio.o(i.GPIOPinTypeUART) refers to gpio.o(i.GPIODirModeSet) for GPIODirModeSet
    gpio.o(i.GPIOPinTypeUART) refers to gpio.o(i.GPIOPadConfigSet) for GPIOPadConfigSet
    gpio.o(i.GPIOPinTypeUSBAnalog) refers to gpio.o(i.GPIODirModeSet) for GPIODirModeSet
    gpio.o(i.GPIOPinTypeUSBAnalog) refers to gpio.o(i.GPIOPadConfigSet) for GPIOPadConfigSet
    gpio.o(i.GPIOPinTypeUSBDigital) refers to gpio.o(i.GPIODirModeSet) for GPIODirModeSet
    gpio.o(i.GPIOPinTypeUSBDigital) refers to gpio.o(i.GPIOPadConfigSet) for GPIOPadConfigSet
    gpio.o(i.GPIOPinTypeWakeHigh) refers to gpio.o(i.GPIODirModeSet) for GPIODirModeSet
    gpio.o(i.GPIOPinTypeWakeHigh) refers to gpio.o(i.GPIOPadConfigSet) for GPIOPadConfigSet
    gpio.o(i.GPIOPinTypeWakeLow) refers to gpio.o(i.GPIODirModeSet) for GPIODirModeSet
    gpio.o(i.GPIOPinTypeWakeLow) refers to gpio.o(i.GPIOPadConfigSet) for GPIOPadConfigSet
    gpio.o(i._GPIOIntNumberGet) refers to gpio.o(.constdata) for .constdata
    sysctl.o(i.SysCtlClockFreqSet) refers to sysctl.o(.constdata) for .constdata
    sysctl.o(i.SysCtlClockGet) refers to sysctl.o(.constdata) for .constdata
    sysctl.o(i.SysCtlClockSet) refers to sysctl.o(.emb_text) for SysCtlDelay
    sysctl.o(i.SysCtlDeepSleep) refers to cpu.o(.emb_text) for CPUwfi
    sysctl.o(i.SysCtlIntRegister) refers to interrupt.o(i.IntRegister) for IntRegister
    sysctl.o(i.SysCtlIntRegister) refers to interrupt.o(i.IntEnable) for IntEnable
    sysctl.o(i.SysCtlIntUnregister) refers to interrupt.o(i.IntDisable) for IntDisable
    sysctl.o(i.SysCtlIntUnregister) refers to interrupt.o(i.IntUnregister) for IntUnregister
    sysctl.o(i.SysCtlSleep) refers to cpu.o(.emb_text) for CPUwfi
    sysctl.o(i.SysCtlVCOGet) refers to sysctl.o(.constdata) for .constdata
    interrupt.o(i.IntDisable) refers to interrupt.o(.constdata) for .constdata
    interrupt.o(i.IntEnable) refers to interrupt.o(.constdata) for .constdata
    interrupt.o(i.IntIsEnabled) refers to interrupt.o(.constdata) for .constdata
    interrupt.o(i.IntMasterDisable) refers to cpu.o(.emb_text) for CPUcpsid
    interrupt.o(i.IntMasterEnable) refers to cpu.o(.emb_text) for CPUcpsie
    interrupt.o(i.IntPendClear) refers to interrupt.o(.constdata) for .constdata
    interrupt.o(i.IntPendSet) refers to interrupt.o(.constdata) for .constdata
    interrupt.o(i.IntPriorityGet) refers to interrupt.o(.constdata) for .constdata
    interrupt.o(i.IntPriorityGroupingGet) refers to interrupt.o(.constdata) for .constdata
    interrupt.o(i.IntPriorityGroupingSet) refers to interrupt.o(.constdata) for .constdata
    interrupt.o(i.IntPriorityMaskGet) refers to cpu.o(.emb_text) for CPUbasepriGet
    interrupt.o(i.IntPriorityMaskSet) refers to cpu.o(.emb_text) for CPUbasepriSet
    interrupt.o(i.IntPrioritySet) refers to interrupt.o(.constdata) for .constdata
    interrupt.o(i.IntRegister) refers to interrupt.o(vtable) for vtable
    interrupt.o(i.IntUnregister) refers to interrupt.o(i._IntDefaultHandler) for _IntDefaultHandler
    interrupt.o(i.IntUnregister) refers to interrupt.o(vtable) for vtable
    entry.o(.ARM.Collect$$$$00000000) refers (Special) to entry10a.o(.ARM.Collect$$$$0000000D) for __rt_final_cpp
    entry.o(.ARM.Collect$$$$00000000) refers (Special) to entry11a.o(.ARM.Collect$$$$0000000F) for __rt_final_exit
    entry.o(.ARM.Collect$$$$00000000) refers (Special) to entry7b.o(.ARM.Collect$$$$00000008) for _main_clock
    entry.o(.ARM.Collect$$$$00000000) refers (Special) to entry8b.o(.ARM.Collect$$$$0000000A) for _main_cpp_init
    entry.o(.ARM.Collect$$$$00000000) refers (Special) to entry9a.o(.ARM.Collect$$$$0000000B) for _main_init
    entry.o(.ARM.Collect$$$$00000000) refers (Special) to entry5.o(.ARM.Collect$$$$00000004) for _main_scatterload
    entry.o(.ARM.Collect$$$$00000000) refers (Special) to entry2.o(.ARM.Collect$$$$00000001) for _main_stk
    entry2.o(.ARM.Collect$$$$00000001) refers to entry2.o(.ARM.Collect$$$$00002712) for __lit__00000000
    entry2.o(.ARM.Collect$$$$00002712) refers to startup_rvmdk.o(STACK) for __initial_sp
    entry2.o(__vectab_stack_and_reset_area) refers to startup_rvmdk.o(STACK) for __initial_sp
    entry2.o(__vectab_stack_and_reset_area) refers to entry.o(.ARM.Collect$$$$00000000) for __main
    entry5.o(.ARM.Collect$$$$00000004) refers to init.o(.text) for __scatterload
    entry9a.o(.ARM.Collect$$$$0000000B) refers to watchdog.o(.text.main) for main
    entry9b.o(.ARM.Collect$$$$0000000C) refers to watchdog.o(.text.main) for main
    init.o(.text) refers to entry5.o(.ARM.Collect$$$$00000004) for __main_after_scatterload


==============================================================================

Removing Unused input sections from the image.

    Removing buttons.o(.text), (0 bytes).
    Removing buttons.o(.ARM.exidx.text.ButtonsPoll), (8 bytes).
    Removing buttons.o(.ARM.exidx.text.ButtonsInit), (8 bytes).
    Removing startup_rvmdk.o(HEAP), (0 bytes).
    Removing startup_rvmdk.o(.text), (0 bytes).
    Removing uartstdio.o(.text), (0 bytes).
    Removing uartstdio.o(.ARM.exidx.text.UARTStdioConfig), (8 bytes).
    Removing uartstdio.o(.text.UARTwrite), (92 bytes).
    Removing uartstdio.o(.ARM.exidx.text.UARTwrite), (8 bytes).
    Removing uartstdio.o(.text.UARTgets), (218 bytes).
    Removing uartstdio.o(.ARM.exidx.text.UARTgets), (8 bytes).
    Removing uartstdio.o(.text.UARTgetc), (28 bytes).
    Removing uartstdio.o(.ARM.exidx.text.UARTgetc), (8 bytes).
    Removing uartstdio.o(.ARM.exidx.text.UARTvprintf), (8 bytes).
    Removing uartstdio.o(.ARM.exidx.text.UARTprintf), (8 bytes).
    Removing uartstdio.o(.bss.UARTgets.bLastWasCR), (1 bytes).
    Removing watchdog.o(.text), (0 bytes).
    Removing watchdog.o(.ARM.exidx.text.WatchdogIntHandler), (8 bytes).
    Removing watchdog.o(.text.ConfigureUART), (88 bytes).
    Removing watchdog.o(.ARM.exidx.text.ConfigureUART), (8 bytes).
    Removing watchdog.o(.ARM.exidx.text.main), (8 bytes).
    Removing watchdog.o(.ARM.use_no_argv), (4 bytes).
    Removing gpio.o(i.GPIOADCTriggerDisable), (14 bytes).
    Removing gpio.o(i.GPIOADCTriggerEnable), (12 bytes).
    Removing gpio.o(i.GPIODMATriggerDisable), (14 bytes).
    Removing gpio.o(i.GPIODMATriggerEnable), (12 bytes).
    Removing gpio.o(i.GPIODirModeGet), (34 bytes).
    Removing gpio.o(i.GPIODirModeSet), (40 bytes).
    Removing gpio.o(i.GPIOIntClear), (6 bytes).
    Removing gpio.o(i.GPIOIntDisable), (14 bytes).
    Removing gpio.o(i.GPIOIntEnable), (12 bytes).
    Removing gpio.o(i.GPIOIntRegister), (26 bytes).
    Removing gpio.o(i.GPIOIntRegisterPin), (30 bytes).
    Removing gpio.o(i.GPIOIntStatus), (14 bytes).
    Removing gpio.o(i.GPIOIntTypeGet), (70 bytes).
    Removing gpio.o(i.GPIOIntTypeSet), (80 bytes).
    Removing gpio.o(i.GPIOIntUnregister), (22 bytes).
    Removing gpio.o(i.GPIOIntUnregisterPin), (26 bytes).
    Removing gpio.o(i.GPIOPadConfigGet), (248 bytes).
    Removing gpio.o(i.GPIOPinConfigure), (68 bytes).
    Removing gpio.o(i.GPIOPinRead), (6 bytes).
    Removing gpio.o(i.GPIOPinTypeADC), (28 bytes).
    Removing gpio.o(i.GPIOPinTypeCAN), (28 bytes).
    Removing gpio.o(i.GPIOPinTypeComparator), (28 bytes).
    Removing gpio.o(i.GPIOPinTypeComparatorOutput), (28 bytes).
    Removing gpio.o(i.GPIOPinTypeDIVSCLK), (28 bytes).
    Removing gpio.o(i.GPIOPinTypeEPI), (28 bytes).
    Removing gpio.o(i.GPIOPinTypeEthernetLED), (28 bytes).
    Removing gpio.o(i.GPIOPinTypeEthernetMII), (28 bytes).
    Removing gpio.o(i.GPIOPinTypeGPIOInput), (28 bytes).
    Removing gpio.o(i.GPIOPinTypeGPIOOutput), (28 bytes).
    Removing gpio.o(i.GPIOPinTypeGPIOOutputOD), (28 bytes).
    Removing gpio.o(i.GPIOPinTypeHibernateRTCCLK), (28 bytes).
    Removing gpio.o(i.GPIOPinTypeI2C), (28 bytes).
    Removing gpio.o(i.GPIOPinTypeI2CSCL), (28 bytes).
    Removing gpio.o(i.GPIOPinTypeLCD), (28 bytes).
    Removing gpio.o(i.GPIOPinTypeOneWire), (28 bytes).
    Removing gpio.o(i.GPIOPinTypePWM), (28 bytes).
    Removing gpio.o(i.GPIOPinTypeQEI), (28 bytes).
    Removing gpio.o(i.GPIOPinTypeSSI), (28 bytes).
    Removing gpio.o(i.GPIOPinTypeTimer), (28 bytes).
    Removing gpio.o(i.GPIOPinTypeTrace), (28 bytes).
    Removing gpio.o(i.GPIOPinTypeUART), (28 bytes).
    Removing gpio.o(i.GPIOPinTypeUSBAnalog), (28 bytes).
    Removing gpio.o(i.GPIOPinTypeUSBDigital), (28 bytes).
    Removing gpio.o(i.GPIOPinTypeWakeHigh), (30 bytes).
    Removing gpio.o(i.GPIOPinTypeWakeLow), (30 bytes).
    Removing gpio.o(i.GPIOPinWakeStatus), (6 bytes).
    Removing gpio.o(i.GPIOPinWrite), (6 bytes).
    Removing gpio.o(i.GPIOUnlockPin), (24 bytes).
    Removing gpio.o(i._GPIOIntNumberGet), (80 bytes).
    Removing gpio.o(.constdata), (552 bytes).
    Removing sysctl.o(.emb_text), (6 bytes).
    Removing sysctl.o(i.SysCtlAltClkConfig), (12 bytes).
    Removing sysctl.o(i.SysCtlClockGet), (340 bytes).
    Removing sysctl.o(i.SysCtlClockOutConfig), (20 bytes).
    Removing sysctl.o(i.SysCtlClockSet), (288 bytes).
    Removing sysctl.o(i.SysCtlDeepSleep), (32 bytes).
    Removing sysctl.o(i.SysCtlDeepSleepClockConfigSet), (112 bytes).
    Removing sysctl.o(i.SysCtlDeepSleepClockSet), (12 bytes).
    Removing sysctl.o(i.SysCtlDeepSleepPowerSet), (12 bytes).
    Removing sysctl.o(i.SysCtlFlashSectorSizeGet), (56 bytes).
    Removing sysctl.o(i.SysCtlFlashSizeGet), (56 bytes).
    Removing sysctl.o(i.SysCtlGPIOAHBDisable), (28 bytes).
    Removing sysctl.o(i.SysCtlGPIOAHBEnable), (24 bytes).
    Removing sysctl.o(i.SysCtlIntClear), (12 bytes).
    Removing sysctl.o(i.SysCtlIntDisable), (16 bytes).
    Removing sysctl.o(i.SysCtlIntEnable), (16 bytes).
    Removing sysctl.o(i.SysCtlIntRegister), (20 bytes).
    Removing sysctl.o(i.SysCtlIntStatus), (16 bytes).
    Removing sysctl.o(i.SysCtlIntUnregister), (18 bytes).
    Removing sysctl.o(i.SysCtlLDODeepSleepGet), (12 bytes).
    Removing sysctl.o(i.SysCtlLDODeepSleepSet), (12 bytes).
    Removing sysctl.o(i.SysCtlLDOSleepGet), (12 bytes).
    Removing sysctl.o(i.SysCtlLDOSleepSet), (12 bytes).
    Removing sysctl.o(i.SysCtlMOSCConfigSet), (12 bytes).
    Removing sysctl.o(i.SysCtlNMIClear), (16 bytes).
    Removing sysctl.o(i.SysCtlNMIStatus), (12 bytes).
    Removing sysctl.o(i.SysCtlPIOSCCalibrate), (76 bytes).
    Removing sysctl.o(i.SysCtlPWMClockGet), (24 bytes).
    Removing sysctl.o(i.SysCtlPWMClockSet), (20 bytes).
    Removing sysctl.o(i.SysCtlPeripheralClockGating), (68 bytes).
    Removing sysctl.o(i.SysCtlPeripheralDeepSleepDisable), (40 bytes).
    Removing sysctl.o(i.SysCtlPeripheralDeepSleepEnable), (40 bytes).
    Removing sysctl.o(i.SysCtlPeripheralDisable), (40 bytes).
    Removing sysctl.o(i.SysCtlPeripheralEnable), (40 bytes).
    Removing sysctl.o(i.SysCtlPeripheralPowerOff), (40 bytes).
    Removing sysctl.o(i.SysCtlPeripheralPowerOn), (40 bytes).
    Removing sysctl.o(i.SysCtlPeripheralPresent), (44 bytes).
    Removing sysctl.o(i.SysCtlPeripheralReady), (44 bytes).
    Removing sysctl.o(i.SysCtlPeripheralReset), (60 bytes).
    Removing sysctl.o(i.SysCtlPeripheralSleepDisable), (40 bytes).
    Removing sysctl.o(i.SysCtlPeripheralSleepEnable), (40 bytes).
    Removing sysctl.o(i.SysCtlReset), (16 bytes).
    Removing sysctl.o(i.SysCtlResetBehaviorGet), (12 bytes).
    Removing sysctl.o(i.SysCtlResetBehaviorSet), (12 bytes).
    Removing sysctl.o(i.SysCtlResetCauseClear), (16 bytes).
    Removing sysctl.o(i.SysCtlResetCauseGet), (12 bytes).
    Removing sysctl.o(i.SysCtlSRAMSizeGet), (16 bytes).
    Removing sysctl.o(i.SysCtlSleep), (4 bytes).
    Removing sysctl.o(i.SysCtlSleepPowerSet), (12 bytes).
    Removing sysctl.o(i.SysCtlUSBPLLDisable), (16 bytes).
    Removing sysctl.o(i.SysCtlUSBPLLEnable), (16 bytes).
    Removing sysctl.o(i.SysCtlVCOGet), (120 bytes).
    Removing sysctl.o(i.SysCtlVoltageEventClear), (16 bytes).
    Removing sysctl.o(i.SysCtlVoltageEventConfig), (12 bytes).
    Removing sysctl.o(i.SysCtlVoltageEventStatus), (12 bytes).
    Removing cpu.o(.emb_text), (38 bytes).
    Removing interrupt.o(i.IntDisable), (100 bytes).
    Removing interrupt.o(i.IntEnable), (100 bytes).
    Removing interrupt.o(i.IntIsEnabled), (96 bytes).
    Removing interrupt.o(i.IntMasterDisable), (14 bytes).
    Removing interrupt.o(i.IntMasterEnable), (14 bytes).
    Removing interrupt.o(i.IntPendClear), (68 bytes).
    Removing interrupt.o(i.IntPendSet), (84 bytes).
    Removing interrupt.o(i.IntPriorityGet), (28 bytes).
    Removing interrupt.o(i.IntPriorityGroupingGet), (36 bytes).
    Removing interrupt.o(i.IntPriorityGroupingSet), (28 bytes).
    Removing interrupt.o(i.IntPriorityMaskGet), (4 bytes).
    Removing interrupt.o(i.IntPriorityMaskSet), (4 bytes).
    Removing interrupt.o(i.IntPrioritySet), (40 bytes).
    Removing interrupt.o(i.IntRegister), (52 bytes).
    Removing interrupt.o(i.IntTrigger), (12 bytes).
    Removing interrupt.o(i.IntUnregister), (20 bytes).
    Removing interrupt.o(i._IntDefaultHandler), (2 bytes).
    Removing interrupt.o(.constdata), (268 bytes).
    Removing interrupt.o(vtable), (620 bytes).

147 unused section(s) (total 6427 bytes) removed from the image.

==============================================================================

Image Symbol Table

    Local Symbols

    Symbol Name                              Value     Ov Type        Size  Object(Section)

    ../clib/microlib/init/entry.s            0x00000000   Number         0  entry.o ABSOLUTE
    ../clib/microlib/init/entry.s            0x00000000   Number         0  entry2.o ABSOLUTE
    ../clib/microlib/init/entry.s            0x00000000   Number         0  entry5.o ABSOLUTE
    ../clib/microlib/init/entry.s            0x00000000   Number         0  entry7a.o ABSOLUTE
    ../clib/microlib/init/entry.s            0x00000000   Number         0  entry7b.o ABSOLUTE
    ../clib/microlib/init/entry.s            0x00000000   Number         0  entry8a.o ABSOLUTE
    ../clib/microlib/init/entry.s            0x00000000   Number         0  entry8b.o ABSOLUTE
    ../clib/microlib/init/entry.s            0x00000000   Number         0  entry9a.o ABSOLUTE
    ../clib/microlib/init/entry.s            0x00000000   Number         0  entry9b.o ABSOLUTE
    ../clib/microlib/init/entry.s            0x00000000   Number         0  entry10a.o ABSOLUTE
    ../clib/microlib/init/entry.s            0x00000000   Number         0  entry10b.o ABSOLUTE
    ../clib/microlib/init/entry.s            0x00000000   Number         0  entry11a.o ABSOLUTE
    ../clib/microlib/init/entry.s            0x00000000   Number         0  entry11b.o ABSOLUTE
    ../clib/microlib/string/memset.c         0x00000000   Number         0  memseta.o ABSOLUTE
    buttons.c                                0x00000000   Number         0  buttons.o ABSOLUTE
    cpu.c                                    0x00000000   Number         0  cpu.o ABSOLUTE
    cpu.c                                    0x00000000   Number         0  cpu.o ABSOLUTE
    dc.s                                     0x00000000   Number         0  dc.o ABSOLUTE
    gpio.c                                   0x00000000   Number         0  gpio.o ABSOLUTE
    handlers.s                               0x00000000   Number         0  handlers.o ABSOLUTE
    init.s                                   0x00000000   Number         0  init.o ABSOLUTE
    interrupt.c                              0x00000000   Number         0  interrupt.o ABSOLUTE
    startup_rvmdk.S                          0x00000000   Number         0  startup_rvmdk.o ABSOLUTE
    sysctl.c                                 0x00000000   Number         0  sysctl.o ABSOLUTE
    sysctl.c                                 0x00000000   Number         0  sysctl.o ABSOLUTE
    uartstdio.c                              0x00000000   Number         0  uartstdio.o ABSOLUTE
    watchdog.c                               0x00000000   Number         0  watchdog.o ABSOLUTE
    RESET                                    0x00000000   Section      540  startup_rvmdk.o(RESET)
    $v0                                      0x00000200   Number         0  startup_rvmdk.o(RESET)
    NmiSR                                    0x00000215   Thumb Code     0  startup_rvmdk.o(RESET)
    FaultISR                                 0x00000217   Thumb Code     0  startup_rvmdk.o(RESET)
    IntDefaultHandler                        0x00000219   Thumb Code     0  startup_rvmdk.o(RESET)
    .ARM.Collect$$$$00000000                 0x0000021c   Section        0  entry.o(.ARM.Collect$$$$00000000)
    .ARM.Collect$$$$00000001                 0x0000021c   Section        4  entry2.o(.ARM.Collect$$$$00000001)
    .ARM.Collect$$$$00000004                 0x00000220   Section        4  entry5.o(.ARM.Collect$$$$00000004)
    .ARM.Collect$$$$00000008                 0x00000224   Section        0  entry7b.o(.ARM.Collect$$$$00000008)
    .ARM.Collect$$$$0000000A                 0x00000224   Section        0  entry8b.o(.ARM.Collect$$$$0000000A)
    .ARM.Collect$$$$0000000B                 0x00000224   Section        8  entry9a.o(.ARM.Collect$$$$0000000B)
    __lit__00000000                          0x0000022c   Data           4  entry2.o(.ARM.Collect$$$$00002712)
    .ARM.Collect$$$$0000000D                 0x0000022c   Section        0  entry10a.o(.ARM.Collect$$$$0000000D)
    .ARM.Collect$$$$0000000F                 0x0000022c   Section        0  entry11a.o(.ARM.Collect$$$$0000000F)
    .ARM.Collect$$$$00002712                 0x0000022c   Section        4  entry2.o(.ARM.Collect$$$$00002712)
    .text                                    0x00000230   Section        0  memseta.o(.text)
    .text                                    0x00000254   Section       48  init.o(.text)
    [Anonymous Symbol]                       0x00000284   Section        0  buttons.o(.text.ButtonsInit)
    [Anonymous Symbol]                       0x000002d0   Section        0  buttons.o(.text.ButtonsPoll)
    [Anonymous Symbol]                       0x00000348   Section        0  uartstdio.o(.text.UARTStdioConfig)
    g_ui32UARTPeriph                         0x000003a0   Number         0  uartstdio.o(.text.UARTStdioConfig)
    g_ui32UARTBase                           0x000003ac   Number         0  uartstdio.o(.text.UARTStdioConfig)
    [Anonymous Symbol]                       0x000003b8   Section        0  uartstdio.o(.text.UARTprintf)
    [Anonymous Symbol]                       0x000003d8   Section        0  uartstdio.o(.text.UARTvprintf)
    [Anonymous Symbol]                       0x00000b88   Section        0  watchdog.o(.text.WatchdogIntHandler)
    [Anonymous Symbol]                       0x00000bd0   Section        0  watchdog.o(.text.main)
    i.GPIOPadConfigSet                       0x00000d0c   Section        0  gpio.o(i.GPIOPadConfigSet)
    i.SysCtlClockFreqSet                     0x00000e7c   Section        0  sysctl.o(i.SysCtlClockFreqSet)
    i.__scatterload_copy                     0x00001160   Section       14  handlers.o(i.__scatterload_copy)
    i.__scatterload_null                     0x0000116e   Section        2  handlers.o(i.__scatterload_null)
    i.__scatterload_zeroinit                 0x00001170   Section       14  handlers.o(i.__scatterload_zeroinit)
    g_pui32VCOFrequencies                    0x00001180   Data           8  sysctl.o(.constdata)
    .constdata                               0x00001180   Section      596  sysctl.o(.constdata)
    g_pui32Xtals                             0x00001188   Data         108  sysctl.o(.constdata)
    g_pppui32XTALtoVCO                       0x000011f4   Data         432  sysctl.o(.constdata)
    g_sXTALtoMEMTIM                          0x000013a4   Data          48  sysctl.o(.constdata)
    .L.str.3                                 0x000013d4   Data          17  uartstdio.o(.rodata.str1.1)
    [Anonymous Symbol]                       0x000013d4   Section        0  uartstdio.o(.rodata.str1.1)
    g_ui8ButtonStates                        0x20000001   Data           1  buttons.o(.data.g_ui8ButtonStates)
    [Anonymous Symbol]                       0x20000001   Section        0  buttons.o(.data.g_ui8ButtonStates)
    ButtonsPoll.ui8SwitchClockA              0x20000008   Data           1  buttons.o(.bss.ButtonsPoll.ui8SwitchClockA)
    [Anonymous Symbol]                       0x20000008   Section        0  buttons.o(.bss.ButtonsPoll.ui8SwitchClockA)
    ButtonsPoll.ui8SwitchClockB              0x20000009   Data           1  buttons.o(.bss.ButtonsPoll.ui8SwitchClockB)
    [Anonymous Symbol]                       0x20000009   Section        0  buttons.o(.bss.ButtonsPoll.ui8SwitchClockB)
    g_ui32Base                               0x2000000c   Data           4  uartstdio.o(.bss.g_ui32Base)
    [Anonymous Symbol]                       0x2000000c   Section        0  uartstdio.o(.bss.g_ui32Base)
    StackMem                                 0x20000018   Data           0  startup_rvmdk.o(STACK)
    STACK                                    0x20000018   Section      512  startup_rvmdk.o(STACK)

    Global Symbols

    Symbol Name                              Value     Ov Type        Size  Object(Section)

    BuildAttributes$$THM_ISAv4$E$P$D$K$B$S$7EM$VFPi3$EXTD16$VFPS$VFMA$PE$A:L22UL41UL21$X:L11$S22US41US21$IEEE1$IW$~IW$USESV6$~STKCKD$USESV7$~SHL$OTIME$EBA8$MICROLIB$REQ8$PRES8$EABIv2 0x00000000   Number         0  anon$$obj.o ABSOLUTE
    __Vectors                                0x00000000   Data           0  startup_rvmdk.o(RESET)
    __cpp_initialize__aeabi_                  - Undefined Weak Reference
    __cxa_finalize                            - Undefined Weak Reference
    __decompress                              - Undefined Weak Reference
    _clock_init                               - Undefined Weak Reference
    _microlib_exit                            - Undefined Weak Reference
    Reset_Handler                            0x00000201   Thumb Code     0  startup_rvmdk.o(RESET)
    __main                                   0x0000021d   Thumb Code     0  entry.o(.ARM.Collect$$$$00000000)
    _main_stk                                0x0000021d   Thumb Code     0  entry2.o(.ARM.Collect$$$$00000001)
    _main_scatterload                        0x00000221   Thumb Code     0  entry5.o(.ARM.Collect$$$$00000004)
    __main_after_scatterload                 0x00000225   Thumb Code     0  entry5.o(.ARM.Collect$$$$00000004)
    _main_clock                              0x00000225   Thumb Code     0  entry7b.o(.ARM.Collect$$$$00000008)
    _main_cpp_init                           0x00000225   Thumb Code     0  entry8b.o(.ARM.Collect$$$$0000000A)
    _main_init                               0x00000225   Thumb Code     0  entry9a.o(.ARM.Collect$$$$0000000B)
    __rt_final_cpp                           0x0000022d   Thumb Code     0  entry10a.o(.ARM.Collect$$$$0000000D)
    __rt_final_exit                          0x0000022d   Thumb Code     0  entry11a.o(.ARM.Collect$$$$0000000F)
    __aeabi_memset                           0x00000231   Thumb Code    14  memseta.o(.text)
    __aeabi_memset4                          0x00000231   Thumb Code     0  memseta.o(.text)
    __aeabi_memset8                          0x00000231   Thumb Code     0  memseta.o(.text)
    __aeabi_memclr                           0x0000023f   Thumb Code     4  memseta.o(.text)
    __aeabi_memclr4                          0x0000023f   Thumb Code     0  memseta.o(.text)
    __aeabi_memclr8                          0x0000023f   Thumb Code     0  memseta.o(.text)
    _memset$wrapper                          0x00000243   Thumb Code    18  memseta.o(.text)
    __scatterload                            0x00000255   Thumb Code    38  init.o(.text)
    __scatterload_rt2                        0x00000255   Thumb Code     0  init.o(.text)
    ButtonsInit                              0x00000285   Thumb Code    76  buttons.o(.text.ButtonsInit)
    ButtonsPoll                              0x000002d1   Thumb Code   120  buttons.o(.text.ButtonsPoll)
    UARTStdioConfig                          0x00000349   Thumb Code    88  uartstdio.o(.text.UARTStdioConfig)
    UARTprintf                               0x000003b9   Thumb Code    32  uartstdio.o(.text.UARTprintf)
    UARTvprintf                              0x000003d9   Thumb Code  1968  uartstdio.o(.text.UARTvprintf)
    WatchdogIntHandler                       0x00000b89   Thumb Code    72  watchdog.o(.text.WatchdogIntHandler)
    main                                     0x00000bd1   Thumb Code   244  watchdog.o(.text.main)
    GPIOPadConfigSet                         0x00000d0d   Thumb Code   354  gpio.o(i.GPIOPadConfigSet)
    SysCtlClockFreqSet                       0x00000e7d   Thumb Code   700  sysctl.o(i.SysCtlClockFreqSet)
    __scatterload_copy                       0x00001161   Thumb Code    14  handlers.o(i.__scatterload_copy)
    __scatterload_null                       0x0000116f   Thumb Code     2  handlers.o(i.__scatterload_null)
    __scatterload_zeroinit                   0x00001171   Thumb Code    14  handlers.o(i.__scatterload_zeroinit)
    Region$$Table$$Base                      0x000013e8   Number         0  anon$$obj.o(Region$$Table)
    Region$$Table$$Limit                     0x00001408   Number         0  anon$$obj.o(Region$$Table)
    g_bFeedWatchdog                          0x20000000   Data           1  watchdog.o(.data.g_bFeedWatchdog)
    g_ui32SysClock                           0x20000010   Data           4  watchdog.o(.bss.g_ui32SysClock)
    __initial_sp                             0x20000218   Data           0  startup_rvmdk.o(STACK)



==============================================================================

Memory Map of the image

  Image Entry point : 0x00000201

  Load Region LR_IROM (Base: 0x00000000, Size: 0x00001410, Max: 0x00100000, ABSOLUTE)

    Execution Region ER_IROM (Exec base: 0x00000000, Load base: 0x00000000, Size: 0x00001408, Max: 0x00100000, ABSOLUTE)

    Exec Addr    Load Addr    Size         Type   Attr      Idx    E Section Name        Object

    0x00000000   0x00000000   0x0000021c   Code   RO           18  * RESET               startup_rvmdk.o
    0x0000021c   0x0000021c   0x00000000   Code   RO          875  * .ARM.Collect$$$$00000000  mc_w.l(entry.o)
    0x0000021c   0x0000021c   0x00000004   Code   RO          880    .ARM.Collect$$$$00000001  mc_w.l(entry2.o)
    0x00000220   0x00000220   0x00000004   Code   RO          883    .ARM.Collect$$$$00000004  mc_w.l(entry5.o)
    0x00000224   0x00000224   0x00000000   Code   RO          885    .ARM.Collect$$$$00000008  mc_w.l(entry7b.o)
    0x00000224   0x00000224   0x00000000   Code   RO          887    .ARM.Collect$$$$0000000A  mc_w.l(entry8b.o)
    0x00000224   0x00000224   0x00000008   Code   RO          888    .ARM.Collect$$$$0000000B  mc_w.l(entry9a.o)
    0x0000022c   0x0000022c   0x00000000   Code   RO          890    .ARM.Collect$$$$0000000D  mc_w.l(entry10a.o)
    0x0000022c   0x0000022c   0x00000000   Code   RO          892    .ARM.Collect$$$$0000000F  mc_w.l(entry11a.o)
    0x0000022c   0x0000022c   0x00000004   Code   RO          881    .ARM.Collect$$$$00002712  mc_w.l(entry2.o)
    0x00000230   0x00000230   0x00000024   Code   RO          878    .text               mc_w.l(memseta.o)
    0x00000254   0x00000254   0x00000030   Code   RO          894    .text               mc_w.l(init.o)
    0x00000284   0x00000284   0x0000004c   Code   RO            4    .text.ButtonsInit   buttons.o
    0x000002d0   0x000002d0   0x00000078   Code   RO            2    .text.ButtonsPoll   buttons.o
    0x00000348   0x00000348   0x00000070   Code   RO           25    .text.UARTStdioConfig  uartstdio.o
    0x000003b8   0x000003b8   0x00000020   Code   RO           35    .text.UARTprintf    uartstdio.o
    0x000003d8   0x000003d8   0x000007b0   Code   RO           33    .text.UARTvprintf   uartstdio.o
    0x00000b88   0x00000b88   0x00000048   Code   RO           48    .text.WatchdogIntHandler  watchdog.o
    0x00000bd0   0x00000bd0   0x0000013c   Code   RO           52    .text.main          watchdog.o
    0x00000d0c   0x00000d0c   0x00000170   Code   RO           80    i.GPIOPadConfigSet  driverlib.lib(gpio.o)
    0x00000e7c   0x00000e7c   0x000002e4   Code   RO          403    i.SysCtlClockFreqSet  driverlib.lib(sysctl.o)
    0x00001160   0x00001160   0x0000000e   Code   RO          898    i.__scatterload_copy  mc_w.l(handlers.o)
    0x0000116e   0x0000116e   0x00000002   Code   RO          899    i.__scatterload_null  mc_w.l(handlers.o)
    0x00001170   0x00001170   0x0000000e   Code   RO          900    i.__scatterload_zeroinit  mc_w.l(handlers.o)
    0x0000117e   0x0000117e   0x00000002   PAD
    0x00001180   0x00001180   0x00000254   Data   RO          457    .constdata          driverlib.lib(sysctl.o)
    0x000013d4   0x000013d4   0x00000011   Data   RO           39    .rodata.str1.1      uartstdio.o
    0x000013e5   0x000013e5   0x00000003   PAD
    0x000013e8   0x000013e8   0x00000020   Data   RO          897    Region$$Table       anon$$obj.o


    Execution Region RW_IRAM (Exec base: 0x20000000, Load base: 0x00001408, Size: 0x00000218, Max: 0x00040000, ABSOLUTE)

    Exec Addr    Load Addr    Size         Type   Attr      Idx    E Section Name        Object

    0x20000000   0x00001408   0x00000001   Data   RW           54    .data.g_bFeedWatchdog  watchdog.o
    0x20000001   0x00001409   0x00000001   Data   RW            8    .data.g_ui8ButtonStates  buttons.o
    0x20000002   0x0000140a   0x00000006   PAD
    0x20000008        -       0x00000001   Zero   RW            6    .bss.ButtonsPoll.ui8SwitchClockA  buttons.o
    0x20000009        -       0x00000001   Zero   RW            7    .bss.ButtonsPoll.ui8SwitchClockB  buttons.o
    0x2000000a   0x0000140a   0x00000002   PAD
    0x2000000c        -       0x00000004   Zero   RW           37    .bss.g_ui32Base     uartstdio.o
    0x20000010        -       0x00000004   Zero   RW           55    .bss.g_ui32SysClock  watchdog.o
    0x20000014   0x0000140a   0x00000004   PAD
    0x20000018        -       0x00000200   Zero   RW           16    STACK               startup_rvmdk.o


==============================================================================

Image component sizes


      Code (inc. data)   RO Data    RW Data    ZI Data      Debug   Object Name

       196          0          0          1          2       1368   buttons.o
       540        514          0          0        512        328   startup_rvmdk.o
      2112        696         17          0          4       7973   uartstdio.o
       388         72          0          1          4       1642   watchdog.o

    ----------------------------------------------------------------------
      3236       1282         52          4        532      11311   Object Totals
         0          0         32          0          0          0   (incl. Generated)
         0          0          3          2         10          0   (incl. Padding)

    ----------------------------------------------------------------------

      Code (inc. data)   RO Data    RW Data    ZI Data      Debug   Library Member Name

       368         14          0          0          0       5395   gpio.o
       740         40        596          0          0       3469   sysctl.o
         0          0          0          0          0          0   entry.o
         0          0          0          0          0          0   entry10a.o
         0          0          0          0          0          0   entry11a.o
         8          4          0          0          0          0   entry2.o
         4          0          0          0          0          0   entry5.o
         0          0          0          0          0          0   entry7b.o
         0          0          0          0          0          0   entry8b.o
         8          4          0          0          0          0   entry9a.o
        30          0          0          0          0          0   handlers.o
        48         10          0          0          0         68   init.o
        36          0          0          0          0        108   memseta.o

    ----------------------------------------------------------------------
      1244         72        596          0          0       9040   Library Totals
         2          0          0          0          0          0   (incl. Padding)

    ----------------------------------------------------------------------

      Code (inc. data)   RO Data    RW Data    ZI Data      Debug   Library Name

      1108         54        596          0          0       8864   driverlib.lib
       134         18          0          0          0        176   mc_w.l

    ----------------------------------------------------------------------
      1244         72        596          0          0       9040   Library Totals

    ----------------------------------------------------------------------

==============================================================================


      Code (inc. data)   RO Data    RW Data    ZI Data      Debug   

      4480       1354        648          4        532      20415   Grand Totals
      4480       1354        648          4        532      20415   ELF Image Totals
      4480       1354        648          4          0          0   ROM Totals

==============================================================================

    Total RO  Size (Code + RO Data)                 5128 (   5.01kB)
    Total RW  Size (RW Data + ZI Data)               536 (   0.52kB)
    Total ROM Size (Code + RO Data + RW Data)       5132 (   5.01kB)

==============================================================================

